apiVersion: rbac.authorization.k8s.io/v1
kind: RoleBinding
metadata:
  name: scheduler-canary-leader-election-rolebinding
  namespace: appuio-openshift4-slos
roleRef:
  apiGroup: rbac.authorization.k8s.io
  kind: Role
  name: scheduler-canary-leader-election-role
subjects:
- kind: ServiceAccount
  name: scheduler-canary-controller-manager
  namespace: appuio-openshift4-slos
