apiVersion: rbac.authorization.k8s.io/v1
kind: ClusterRole
metadata:
  name: scheduler-canary-metrics-reader
rules:
- nonResourceURLs:
  - /metrics
  verbs:
  - get
