apiVersion: v1
kind: ServiceAccount
metadata:
  name: scheduler-canary-controller-manager
  namespace: appuio-openshift4-slos
