apiVersion: v1
kind: Service
metadata:
  labels:
    control-plane: controller-manager
  name: scheduler-canary-controller-manager-metrics-service
  namespace: appuio-scheduler-canary
spec:
  ports:
  - name: https
    port: 8443
    protocol: TCP
    targetPort: https
  selector:
    control-plane: controller-manager
