apiVersion: v1
kind: Namespace
metadata:
  annotations:
    openshift.io/node-selector: ''
  labels:
    name: appuio-openshift4-slos
    openshift.io/cluster-monitoring: 'true'
  name: appuio-openshift4-slos
