apiVersion: v1
kind: ServiceAccount
metadata:
  annotations: {}
  labels:
    app.kubernetes.io/component: openshift4-slos
    app.kubernetes.io/instance: prometheus-blackbox-exporter
    app.kubernetes.io/managed-by: commodore
    app.kubernetes.io/name: prometheus-blackbox-exporter
    name: prometheus-blackbox-exporter
  name: prometheus-blackbox-exporter
  namespace: appuio-openshift4-slos
