apiVersion: v1
data: {}
kind: Secret
metadata:
  annotations: {}
  labels:
    name: canary-ssd-encrypted-luks-key
  name: canary-ssd-encrypted-luks-key
  namespace: appuio-openshift4-slos
stringData:
  luksKey: XXXXXX
type: Opaque
