apiVersion: v1
data:
  blackbox.yaml: |-
    modules:
      http_2xx:
        http:
          follow_redirects: true
          preferred_ip_protocol: "ip4"
        prober: "http"
        timeout: "5s"
      http_kube_ca_2xx:
        http:
          follow_redirects: true
          preferred_ip_protocol: "ip4"
          tls_config:
            ca_file: "/var/run/secrets/kubernetes.io/serviceaccount/ca.crt"
        prober: "http"
        timeout: "5s"
      http_post_2xx:
        http:
          method: "POST"
          preferred_ip_protocol: "ip4"
        prober: "http"
      ssh_banner:
        prober: "tcp"
        tcp:
          preferred_ip_protocol: "ip4"
          query_response:
            - expect: "^SSH-2.0-"
      tcp_connect:
        prober: "tcp"
        tcp:
          preferred_ip_protocol: "ip4"
kind: ConfigMap
metadata:
  annotations: {}
  labels:
    app.kubernetes.io/component: openshift4-slos
    app.kubernetes.io/instance: prometheus-blackbox-exporter
    app.kubernetes.io/managed-by: commodore
    app.kubernetes.io/name: prometheus-blackbox-exporter
    name: prometheus-blackbox-exporter
  name: prometheus-blackbox-exporter
  namespace: appuio-openshift4-slos
