apiVersion: v1
kind: Service
metadata:
  annotations: {}
  labels:
    app.kubernetes.io/component: openshift4-slos
    app.kubernetes.io/instance: prometheus-blackbox-exporter
    app.kubernetes.io/managed-by: commodore
    app.kubernetes.io/name: prometheus-blackbox-exporter
    name: prometheus-blackbox-exporter
  name: prometheus-blackbox-exporter
  namespace: appuio-openshift4-slos
spec:
  ports:
    - name: http
      port: 9115
      targetPort: 9115
  selector:
    app.kubernetes.io/component: openshift4-slos
    app.kubernetes.io/instance: prometheus-blackbox-exporter
    app.kubernetes.io/managed-by: commodore
    app.kubernetes.io/name: prometheus-blackbox-exporter
    name: prometheus-blackbox-exporter
  type: ClusterIP
