apiVersion: monitoring.coreos.com/v1
kind: ServiceMonitor
metadata:
  annotations: {}
  labels:
    name: network-canary
  name: network-canary
  namespace: appuio-network-canary
spec:
  endpoints:
    - port: metrics
  selector:
    matchLabels:
      name: network-canary
