apiVersion: image.openshift.io/v1
kind: ImageStream
metadata:
  annotations: {}
  labels:
    name: canary
  name: canary
  namespace: appuio-openshift4-slos
spec:
  tags:
    - annotations: null
      from:
        kind: DockerImage
        name: docker.io/curlimages/curl:8.8.0
      importPolicy: {}
      name: latest
      referencePolicy:
        type: Local
