apiVersion: monitoring.coreos.com/v1
kind: PrometheusRule
metadata:
  annotations: {}
  labels:
    name: storage
  name: storage
spec:
  groups:
    - name: sloth-slo-sli-recordings-storage-csi-operations
      rules:
        - expr: '(sum(rate(storage_operation_duration_seconds_count{volume_plugin=~"kubernetes.io/csi.+",operation_name=~".+",status="fail-unknown"}[5m])))

            /

            (sum(rate(storage_operation_duration_seconds_count{volume_plugin=~"kubernetes.io/csi.+",operation_name=~".+"}[5m])))

            '
          labels:
            sloth_id: storage-csi-operations
            sloth_service: storage
            sloth_slo: csi-operations
            sloth_window: 5m
          record: slo:sli_error:ratio_rate5m
        - expr: '(sum(rate(storage_operation_duration_seconds_count{volume_plugin=~"kubernetes.io/csi.+",operation_name=~".+",status="fail-unknown"}[30m])))

            /

            (sum(rate(storage_operation_duration_seconds_count{volume_plugin=~"kubernetes.io/csi.+",operation_name=~".+"}[30m])))

            '
          labels:
            sloth_id: storage-csi-operations
            sloth_service: storage
            sloth_slo: csi-operations
            sloth_window: 30m
          record: slo:sli_error:ratio_rate30m
        - expr: '(sum(rate(storage_operation_duration_seconds_count{volume_plugin=~"kubernetes.io/csi.+",operation_name=~".+",status="fail-unknown"}[1h])))

            /

            (sum(rate(storage_operation_duration_seconds_count{volume_plugin=~"kubernetes.io/csi.+",operation_name=~".+"}[1h])))

            '
          labels:
            sloth_id: storage-csi-operations
            sloth_service: storage
            sloth_slo: csi-operations
            sloth_window: 1h
          record: slo:sli_error:ratio_rate1h
        - expr: '(sum(rate(storage_operation_duration_seconds_count{volume_plugin=~"kubernetes.io/csi.+",operation_name=~".+",status="fail-unknown"}[2h])))

            /

            (sum(rate(storage_operation_duration_seconds_count{volume_plugin=~"kubernetes.io/csi.+",operation_name=~".+"}[2h])))

            '
          labels:
            sloth_id: storage-csi-operations
            sloth_service: storage
            sloth_slo: csi-operations
            sloth_window: 2h
          record: slo:sli_error:ratio_rate2h
        - expr: '(sum(rate(storage_operation_duration_seconds_count{volume_plugin=~"kubernetes.io/csi.+",operation_name=~".+",status="fail-unknown"}[6h])))

            /

            (sum(rate(storage_operation_duration_seconds_count{volume_plugin=~"kubernetes.io/csi.+",operation_name=~".+"}[6h])))

            '
          labels:
            sloth_id: storage-csi-operations
            sloth_service: storage
            sloth_slo: csi-operations
            sloth_window: 6h
          record: slo:sli_error:ratio_rate6h
        - expr: '(sum(rate(storage_operation_duration_seconds_count{volume_plugin=~"kubernetes.io/csi.+",operation_name=~".+",status="fail-unknown"}[1d])))

            /

            (sum(rate(storage_operation_duration_seconds_count{volume_plugin=~"kubernetes.io/csi.+",operation_name=~".+"}[1d])))

            '
          labels:
            sloth_id: storage-csi-operations
            sloth_service: storage
            sloth_slo: csi-operations
            sloth_window: 1d
          record: slo:sli_error:ratio_rate1d
        - expr: '(sum(rate(storage_operation_duration_seconds_count{volume_plugin=~"kubernetes.io/csi.+",operation_name=~".+",status="fail-unknown"}[3d])))

            /

            (sum(rate(storage_operation_duration_seconds_count{volume_plugin=~"kubernetes.io/csi.+",operation_name=~".+"}[3d])))

            '
          labels:
            sloth_id: storage-csi-operations
            sloth_service: storage
            sloth_slo: csi-operations
            sloth_window: 3d
          record: slo:sli_error:ratio_rate3d
        - expr: 'sum_over_time(slo:sli_error:ratio_rate5m{sloth_id="storage-csi-operations",
            sloth_service="storage", sloth_slo="csi-operations"}[30d])

            / ignoring (sloth_window)

            count_over_time(slo:sli_error:ratio_rate5m{sloth_id="storage-csi-operations",
            sloth_service="storage", sloth_slo="csi-operations"}[30d])

            '
          labels:
            sloth_window: 30d
          record: slo:sli_error:ratio_rate30d
    - name: sloth-slo-meta-recordings-storage-csi-operations
      rules:
        - expr: vector(0.995)
          labels:
            sloth_id: storage-csi-operations
            sloth_service: storage
            sloth_slo: csi-operations
          record: slo:objective:ratio
        - expr: vector(1-0.995)
          labels:
            sloth_id: storage-csi-operations
            sloth_service: storage
            sloth_slo: csi-operations
          record: slo:error_budget:ratio
        - expr: vector(30)
          labels:
            sloth_id: storage-csi-operations
            sloth_service: storage
            sloth_slo: csi-operations
          record: slo:time_period:days
        - expr: 'slo:sli_error:ratio_rate5m{sloth_id="storage-csi-operations", sloth_service="storage",
            sloth_slo="csi-operations"}

            / on(sloth_id, sloth_slo, sloth_service) group_left

            slo:error_budget:ratio{sloth_id="storage-csi-operations", sloth_service="storage",
            sloth_slo="csi-operations"}

            '
          labels:
            sloth_id: storage-csi-operations
            sloth_service: storage
            sloth_slo: csi-operations
          record: slo:current_burn_rate:ratio
        - expr: 'slo:sli_error:ratio_rate30d{sloth_id="storage-csi-operations", sloth_service="storage",
            sloth_slo="csi-operations"}

            / on(sloth_id, sloth_slo, sloth_service) group_left

            slo:error_budget:ratio{sloth_id="storage-csi-operations", sloth_service="storage",
            sloth_slo="csi-operations"}

            '
          labels:
            sloth_id: storage-csi-operations
            sloth_service: storage
            sloth_slo: csi-operations
          record: slo:period_burn_rate:ratio
        - expr: 1 - slo:period_burn_rate:ratio{sloth_id="storage-csi-operations",
            sloth_service="storage", sloth_slo="csi-operations"}
          labels:
            sloth_id: storage-csi-operations
            sloth_service: storage
            sloth_slo: csi-operations
          record: slo:period_error_budget_remaining:ratio
        - expr: vector(1)
          labels:
            sloth_id: storage-csi-operations
            sloth_mode: cli-gen-prom
            sloth_objective: '99.5'
            sloth_service: storage
            sloth_slo: csi-operations
            sloth_spec: prometheus/v1
            sloth_version: v0.10.0
          record: sloth_slo_info
    - name: sloth-slo-alerts-storage-csi-operations
      rules:
        - alert: SLO_StorageOperationHighErrorRate
          annotations:
            runbook_url: https://hub.syn.tools/openshift4-slos/runbooks/storage.html#csi-operations
            summary: High storage operation error rate
            title: (page) {{$labels.sloth_service}} {{$labels.sloth_slo}} SLO error
              budget burn rate is too fast.
          expr: "(\n    (slo:sli_error:ratio_rate5m{sloth_id=\"storage-csi-operations\"\
            , sloth_service=\"storage\", sloth_slo=\"csi-operations\"} > (14.4 * 0.005))\n\
            \    and ignoring (sloth_window)\n    (slo:sli_error:ratio_rate1h{sloth_id=\"\
            storage-csi-operations\", sloth_service=\"storage\", sloth_slo=\"csi-operations\"\
            } > (14.4 * 0.005))\n)\nor ignoring (sloth_window)\n(\n    (slo:sli_error:ratio_rate30m{sloth_id=\"\
            storage-csi-operations\", sloth_service=\"storage\", sloth_slo=\"csi-operations\"\
            } > (6 * 0.005))\n    and ignoring (sloth_window)\n    (slo:sli_error:ratio_rate6h{sloth_id=\"\
            storage-csi-operations\", sloth_service=\"storage\", sloth_slo=\"csi-operations\"\
            } > (6 * 0.005))\n)\n"
          labels:
            severity: critical
            slo: 'true'
            sloth_severity: page
            syn: 'true'
            syn_component: openshift4-slos
        - alert: SLO_StorageOperationHighErrorRate
          annotations:
            runbook_url: https://hub.syn.tools/openshift4-slos/runbooks/storage.html#csi-operations
            summary: High storage operation error rate
            title: (ticket) {{$labels.sloth_service}} {{$labels.sloth_slo}} SLO error
              budget burn rate is too fast.
          expr: "(\n    (slo:sli_error:ratio_rate2h{sloth_id=\"storage-csi-operations\"\
            , sloth_service=\"storage\", sloth_slo=\"csi-operations\"} > (3 * 0.005))\n\
            \    and ignoring (sloth_window)\n    (slo:sli_error:ratio_rate1d{sloth_id=\"\
            storage-csi-operations\", sloth_service=\"storage\", sloth_slo=\"csi-operations\"\
            } > (3 * 0.005))\n)\nor ignoring (sloth_window)\n(\n    (slo:sli_error:ratio_rate6h{sloth_id=\"\
            storage-csi-operations\", sloth_service=\"storage\", sloth_slo=\"csi-operations\"\
            } > (1 * 0.005))\n    and ignoring (sloth_window)\n    (slo:sli_error:ratio_rate3d{sloth_id=\"\
            storage-csi-operations\", sloth_service=\"storage\", sloth_slo=\"csi-operations\"\
            } > (1 * 0.005))\n)\n"
          labels:
            severity: warning
            slo: 'true'
            sloth_severity: ticket
            syn: 'true'
            syn_component: openshift4-slos
