apiVersion: apps/v1
kind: Deployment
metadata:
  labels:
    control-plane: controller-manager
  name: scheduler-canary-controller-manager
  namespace: appuio-openshift4-slos
spec:
  replicas: 1
  selector:
    matchLabels:
      control-plane: controller-manager
  template:
    metadata:
      annotations:
        kubectl.kubernetes.io/default-container: manager
      labels:
        control-plane: controller-manager
    spec:
      affinity:
        nodeAffinity:
          requiredDuringSchedulingIgnoredDuringExecution:
            nodeSelectorTerms:
            - matchExpressions:
              - key: node-role.kubernetes.io/infra
                operator: Exists
      containers:
      - args:
        - --secure-listen-address=0.0.0.0:8443
        - --upstream=http://127.0.0.1:8080/
        - --logtostderr=true
        - --v=0
        image: gcr.io/kubebuilder/kube-rbac-proxy:v0.13.0
        name: kube-rbac-proxy
        ports:
        - containerPort: 8443
          name: https
          protocol: TCP
        resources:
          limits:
            cpu: 500m
            memory: 128Mi
          requests:
            cpu: 5m
            memory: 64Mi
        securityContext:
          allowPrivilegeEscalation: false
          capabilities:
            drop:
            - ALL
      - args:
        - --health-probe-bind-address=:8081
        - --metrics-bind-address=127.0.0.1:8080
        - --leader-elect
        command:
        - /manager
        image: quay.io/appuio/scheduler-canary-controller:v1.2.0
        imagePullPolicy: Always
        livenessProbe:
          httpGet:
            path: /healthz
            port: 8081
          initialDelaySeconds: 15
          periodSeconds: 20
        name: manager
        readinessProbe:
          httpGet:
            path: /readyz
            port: 8081
          initialDelaySeconds: 5
          periodSeconds: 10
        resources:
          limits:
            cpu: 500m
            memory: 128Mi
          requests:
            cpu: 10m
            memory: 64Mi
        securityContext:
          allowPrivilegeEscalation: false
          capabilities:
            drop:
            - ALL
      priorityClassName: system-cluster-critical
      securityContext:
        runAsNonRoot: true
      serviceAccountName: scheduler-canary-controller-manager
      terminationGracePeriodSeconds: 10
